C:\Users\sandhiya.r\Downloads\spring-mvc-tutorial-master\springmvc5-springdatajpa2-jsp-mysql-example\src\main\java\com\kgisl\springmvc\entity\Customer.java
C:\Users\sandhiya.r\Downloads\spring-mvc-tutorial-master\springmvc5-springdatajpa2-jsp-mysql-example\src\main\java\com\kgisl\springmvc\config\WebMvcConfig.java
C:\Users\sandhiya.r\Downloads\spring-mvc-tutorial-master\springmvc5-springdatajpa2-jsp-mysql-example\src\main\java\com\kgisl\springmvc\service\CustomerServiceImpl.java
C:\Users\sandhiya.r\Downloads\spring-mvc-tutorial-master\springmvc5-springdatajpa2-jsp-mysql-example\src\main\java\com\kgisl\springmvc\controller\CustomerController.java
C:\Users\sandhiya.r\Downloads\spring-mvc-tutorial-master\springmvc5-springdatajpa2-jsp-mysql-example\src\main\java\com\kgisl\springmvc\config\AppInitializer.java
C:\Users\sandhiya.r\Downloads\spring-mvc-tutorial-master\springmvc5-springdatajpa2-jsp-mysql-example\src\main\java\com\kgisl\springmvc\config\PersistenceJPAConfig.java
C:\Users\sandhiya.r\Downloads\spring-mvc-tutorial-master\springmvc5-springdatajpa2-jsp-mysql-example\src\main\java\com\kgisl\springmvc\service\CustomerService.java
C:\Users\sandhiya.r\Downloads\spring-mvc-tutorial-master\springmvc5-springdatajpa2-jsp-mysql-example\src\main\java\com\kgisl\springmvc\exception\ResourceNotFoundException.java
C:\Users\sandhiya.r\Downloads\spring-mvc-tutorial-master\springmvc5-springdatajpa2-jsp-mysql-example\src\main\java\com\kgisl\springmvc\repository\CustomerRepository.java
